     Testing STARSDataFusion
      Status `/private/var/folders/hk/35_x93nx79vg1zmd2fy1vcbr0000gq/T/jl_PMH3h5/Project.toml`
⌃ [c9ce4bd3] ArchGDAL v0.10.10
  [7d9fca2a] Arpack v0.5.4
  [0a1fb500] BlockDiagonals v0.2.0
  [159f3aea] Cairo v1.1.1
  [a8cc5b0e] Crayons v4.1.1
⌃ [a93c6f00] DataFrames v1.7.0
  [8bb1440f] DelimitedFiles v1.9.1
⌃ [0703355e] DimensionalData v0.29.19
  [b4f34e82] Distances v0.10.12
⌃ [31c24e10] Distributions v0.25.120
  [6c76993d] DynamicIterators v0.4.3
⌃ [8f5d6c58] EzXML v1.2.2
⌃ [add2ef01] GDAL v1.11.0
⌃ [38e38edf] GLM v1.9.0
  [43dcc890] GaussianDistributions v0.5.2
⌃ [e4b2fa32] GaussianRandomFields v2.2.6
⌅ [62cb38b5] GeoDataFrames v0.3.13
⌃ [68eda718] GeoFormatTypes v0.4.4
⌃ [c27321d9] Glob v1.3.1
  [f67ccb44] HDF5 v0.17.2
⌃ [cd3eb016] HTTP v1.10.17
⌃ [7073ff75] IJulia v1.29.2
⌅ [a98d9a8b] Interpolations v0.15.1
⌅ [682c06a0] JSON v0.21.4
  [d59c0ba6] Kalman v0.1.5
⌃ [ec8451be] KernelFunctions v0.10.65
  [2a2d4310] Modland v1.0.0
  [6f286f6a] MultivariateStats v0.10.3
⌃ [b946abbf] NaNStatistics v0.6.53
  [4d1e1d77] Nullables v1.0.0
⌅ [429524aa] Optim v1.13.2
⌃ [91a5bcdd] Plots v1.40.17
⌃ [92933f4c] ProgressMeter v1.10.4
⌃ [a3a2b9e3] Rasters v0.14.6
⌃ [295af30f] Revise v3.8.1
  [70ccc657] STARSDataFusion v1.2.0 `~/Projects/STARSDataFusion.jl`
  [ed01d8cd] Sobol v1.5.0
  [10745b16] Statistics v1.11.1
⌃ [2913bbd2] StatsBase v0.34.5
⌃ [3eaba693] StatsModels v0.7.4
  [fd094767] Suppressor v0.2.8
  [2c80a279] Trajectories v0.2.2
⌅ [68821587] Arpack_jll v3.5.1+1
  [ade2ca70] Dates v1.11.0
  [8ba89e20] Distributed v1.11.0
  [37e2e46d] LinearAlgebra v1.11.0
  [56ddb016] Logging v1.11.0
  [9a3f8284] Random v1.11.0
  [2f01184e] SparseArrays v1.11.0
  [8dfed614] Test v1.11.0
      Status `/private/var/folders/hk/35_x93nx79vg1zmd2fy1vcbr0000gq/T/jl_PMH3h5/Manifest.toml`
⌃ [47edcb42] ADTypes v1.16.0
  [621f4979] AbstractFFTs v1.5.0
⌃ [79e6a3ab] Adapt v4.3.0
  [66dad0bd] AliasTables v1.1.3
⌃ [c9ce4bd3] ArchGDAL v0.10.10
  [7d9fca2a] Arpack v0.5.4
⌃ [4fba245c] ArrayInterface v7.19.0
  [13072b0f] AxisAlgorithms v1.1.0
  [d1d4a3ce] BitFlags v0.1.9
  [0a1fb500] BlockDiagonals v0.2.0
  [fa961155] CEnum v0.5.0
⌃ [179af706] CFTime v0.2.1
  [159f3aea] Cairo v1.1.1
⌃ [d360d2e6] ChainRulesCore v1.25.2
⌅ [da1fd8a2] CodeTracking v2.0.0
  [944b1d66] CodecZlib v0.7.8
⌃ [35d6a980] ColorSchemes v3.30.0
  [3da002f7] ColorTypes v0.12.1
  [c3611d14] ColorVectorSpace v0.11.0
  [5ae59095] Colors v0.13.1
⌅ [1fbeeb36] CommonDataModel v0.3.9
  [bbf7d656] CommonSubexpressions v0.3.1
  [f70d9fcc] CommonWorldInvalidations v1.0.0
⌃ [34da2185] Compat v4.18.0
  [807dbc54] Compiler v0.1.1
  [a33af91c] CompositionsBase v0.1.2
  [f0e56b4a] ConcurrentUtilities v2.5.0
⌃ [8f4d0f93] Conda v1.10.2
  [187b0558] ConstructionBase v1.6.0
  [d38c429a] Contour v0.6.3
  [a8cc5b0e] Crayons v4.1.1
  [9a962f9c] DataAPI v1.16.0
⌃ [a93c6f00] DataFrames v1.7.0
⌅ [864edb3b] DataStructures v0.18.22
  [e2d170a0] DataValueInterfaces v1.0.0
  [8bb1440f] DelimitedFiles v1.9.1
  [163ba53b] DiffResults v1.1.0
  [b552c78f] DiffRules v1.15.1
⌃ [a0c0ee7d] DifferentiationInterface v0.7.4
⌃ [0703355e] DimensionalData v0.29.19
⌃ [3c3547ce] DiskArrays v0.4.14
  [b4f34e82] Distances v0.10.12
⌃ [31c24e10] Distributions v0.25.120
  [ffbed154] DocStringExtensions v0.9.5
  [6c76993d] DynamicIterators v0.4.3
⌃ [4e289a0a] EnumX v1.0.5
  [460bff9d] ExceptionUnwrapping v0.1.11
  [411431e0] Extents v0.1.6
⌃ [8f5d6c58] EzXML v1.2.2
⌃ [c87230d0] FFMPEG v0.4.4
⌃ [7a1cc6ca] FFTW v1.9.0
⌃ [442a2c76] FastGaussQuadrature v1.0.2
  [bf96fef3] FieldMetadata v0.3.1
⌃ [1a297f60] FillArrays v1.13.0
⌃ [6a86dc24] FiniteDiff v2.27.0
  [53c48c17] FixedPointNumbers v0.8.5
  [4c728ea3] Flatten v0.4.3
  [1fa38f19] Format v1.3.7
⌃ [f6369f11] ForwardDiff v1.0.1
  [d9f16b24] Functors v0.5.2
⌃ [add2ef01] GDAL v1.11.0
⌃ [38e38edf] GLM v1.9.0
⌃ [28b8d3ca] GR v0.73.17
  [43dcc890] GaussianDistributions v0.5.2
⌃ [e4b2fa32] GaussianRandomFields v2.2.6
⌅ [62cb38b5] GeoDataFrames v0.3.13
⌃ [68eda718] GeoFormatTypes v0.4.4
⌃ [cf35fbd7] GeoInterface v1.5.0
⌃ [05efe853] GeometryOpsCore v0.1.7
⌃ [c27321d9] Glob v1.3.1
  [a2bd30eb] Graphics v1.1.3
  [42e2da0e] Grisu v1.0.2
  [f67ccb44] HDF5 v0.17.2
⌃ [cd3eb016] HTTP v1.10.17
  [34004b35] HypergeometricFunctions v0.3.28
⌃ [7073ff75] IJulia v1.29.2
  [615f187c] IfElse v0.1.1
  [a09fc81d] ImageCore v0.10.5
⌃ [842dd82b] InlineStrings v1.4.4
  [85a1e053] Interfaces v0.3.2
⌅ [a98d9a8b] Interpolations v0.15.1
⌃ [8197267c] IntervalSets v0.7.11
  [41ab1584] InvertedIndices v1.3.1
⌃ [92d709cd] IrrationalConstants v0.2.4
  [82899510] IteratorInterfaceExtensions v1.0.0
  [1019f520] JLFzf v0.1.11
  [692b3bcd] JLLWrappers v1.7.1
⌅ [682c06a0] JSON v0.21.4
⌃ [aa1ae85d] JuliaInterpreter v0.10.4
  [d59c0ba6] Kalman v0.1.5
⌃ [ec8451be] KernelFunctions v0.10.65
  [8ac3fa9e] LRUCache v1.6.2
  [b964fa9f] LaTeXStrings v1.4.0
⌃ [23fbe1c1] Latexify v0.16.8
⌃ [d3d80556] LineSearches v7.4.0
  [2ab3a3ac] LogExpFunctions v0.3.29
⌃ [e6f89c97] LoggingExtras v1.1.0
⌃ [6f1432cf] LoweredCodeUtils v3.4.3
  [3da0fdf6] MPIPreferences v0.1.11
  [1914dd2f] MacroTools v0.5.16
⌃ [dbb5928d] MappedArrays v0.4.2
  [739be429] MbedTLS v1.1.9
⌃ [442fdcdd] Measures v0.3.2
  [e1d29d7a] Missings v1.2.0
  [2a2d4310] Modland v1.0.0
  [e94cdb99] MosaicViews v0.3.4
  [6f286f6a] MultivariateStats v0.10.3
⌅ [d41bc354] NLSolversBase v7.10.0
  [77ba4419] NaNMath v1.1.3
⌃ [b946abbf] NaNStatistics v0.6.53
  [4d1e1d77] Nullables v1.0.0
  [6fe1bfb0] OffsetArrays v1.17.0
⌃ [4d8831e6] OpenSSL v1.5.0
⌅ [429524aa] Optim v1.13.2
  [bac558e1] OrderedCollections v1.8.1
⌃ [90014a1f] PDMats v0.11.35
  [5432bcbf] PaddedViews v0.5.12
  [d96e819e] Parameters v0.12.3
  [69de0a69] Parsers v2.8.3
  [ccf2f8ad] PlotThemes v3.3.0
⌃ [995b91a9] PlotUtils v1.4.3
⌃ [91a5bcdd] Plots v1.40.17
  [2dfb63ee] PooledArrays v1.4.3
  [85a6dd25] PositiveFactorizations v0.2.4
⌅ [aea7be01] PrecompileTools v1.2.1
⌃ [21216c6a] Preferences v1.4.3
⌅ [08abe8d2] PrettyTables v2.4.0
⌃ [92933f4c] ProgressMeter v1.10.4
  [43287f4e] PtrArrays v1.3.0
  [1fd47b50] QuadGK v2.11.2
⌃ [a3a2b9e3] Rasters v0.14.6
  [c84ed2f1] Ratios v0.4.5
  [3cdcf5f2] RecipesBase v1.3.4
  [01d81517] RecipesPipeline v0.6.12
  [189a3867] Reexport v1.2.2
  [05181044] RelocatableFolders v1.0.1
  [ae029012] Requires v1.3.1
⌃ [295af30f] Revise v3.8.1
⌅ [79098fc4] Rmath v0.8.0
  [70ccc657] STARSDataFusion v1.2.0 `~/Projects/STARSDataFusion.jl`
  [6c6a2e73] Scratch v1.3.0
⌃ [91c51154] SentinelArrays v1.4.8
  [efcf1570] Setfield v1.1.2
  [1277b4bf] ShiftedArrays v2.0.0
  [992d4aef] Showoff v1.0.3
  [777ac1f9] SimpleBufferStream v1.2.0
  [ed01d8cd] Sobol v1.5.0
  [b85f4697] SoftGlobalScope v1.1.0
⌃ [a2af1166] SortingAlgorithms v1.2.1
⌃ [276daf66] SpecialFunctions v2.5.1
⌃ [860ef19b] StableRNGs v1.0.3
  [91464d47] StableTasks v0.1.7
  [cae243ae] StackViews v0.1.2
⌃ [aedffcd0] Static v1.2.0
  [0d7ed370] StaticArrayInterface v1.8.0
⌃ [90137ffa] StaticArrays v1.9.14
⌃ [1e83bf80] StaticArraysCore v1.4.3
  [10745b16] Statistics v1.11.1
⌃ [82ae8749] StatsAPI v1.7.1
⌃ [2913bbd2] StatsBase v0.34.5
⌃ [4c63d2b9] StatsFuns v1.5.0
⌃ [3eaba693] StatsModels v0.7.4
⌃ [892a3eda] StringManipulation v0.4.1
  [fd094767] Suppressor v0.2.8
  [3783bdb8] TableTraits v1.0.1
  [bd369af6] Tables v1.12.1
  [62fd8b95] TensorCore v0.1.1
  [2c80a279] Trajectories v0.2.2
  [3bb67fe8] TranscodingStreams v0.11.3
  [5c2747f8] URIs v1.6.1
  [3a884ed6] UnPack v1.0.2
  [1cfade01] UnicodeFun v0.4.1
⌅ [1986cc42] Unitful v1.24.0
  [45397f5d] UnitfulLatexify v1.7.0
  [41fe7b60] Unzip v0.2.0
  [81def892] VersionParsing v1.3.0
⌃ [efce3f68] WoodburyMatrices v1.0.0
⌃ [c2297ded] ZMQ v1.4.1
  [700de1a5] ZygoteRules v0.2.7
⌅ [68821587] Arpack_jll v3.5.1+1
  [8ce61222] Arrow_jll v19.0.1+0
  [0b7ba130] Blosc_jll v1.21.7+0
  [6e34b625] Bzip2_jll v1.0.9+0
  [83423d85] Cairo_jll v1.18.5+0
  [ee1fde0b] Dbus_jll v1.16.2+0
  [2702e6a9] EpollShim_jll v0.0.20230411+1
⌃ [2e619515] Expat_jll v2.6.5+0
⌅ [b22a6f82] FFMPEG_jll v7.1.1+0
  [f5851436] FFTW_jll v3.3.11+0
⌃ [a3f928ae] Fontconfig_jll v2.16.0+0
  [d7e528f0] FreeType2_jll v2.13.4+0
  [559328eb] FriBidi_jll v1.0.17+0
⌅ [a7073274] GDAL_jll v303.1100.300+0
⌃ [d604d12d] GEOS_jll v3.13.1+1
⌃ [0656b61e] GLFW_jll v3.4.0+2
⌅ [d2c73de3] GR_jll v0.73.17+0
  [b0724c58] GettextRuntime_jll v0.22.4+0
  [59f7168a] Giflib_jll v5.2.3+0
⌃ [7746bdde] Glib_jll v2.84.3+0
  [3b182d85] Graphite2_jll v1.3.15+0
  [818ab7a1] HDF4_jll v4.3.2+0
⌅ [0234f1f7] HDF5_jll v1.14.6+0
  [2e76f6c2] HarfBuzz_jll v8.5.1+0
⌃ [e33a78d0] Hwloc_jll v2.12.1+0
  [a51ab1cf] ICU_jll v76.2.0+0
  [1d5cc7b8] IntelOpenMP_jll v2025.2.0+0
⌃ [aacddb02] JpegTurbo_jll v3.1.1+0
  [b39eb1a6] Kerberos_krb5_jll v1.21.3+0
  [c1c5ebd0] LAME_jll v3.100.3+0
  [88015f11] LERC_jll v4.0.1+0
  [1d63c593] LLVMOpenMP_jll v18.1.8+0
  [dd4b983a] LZO_jll v2.10.3+0
  [08be9ffa] LibPQ_jll v16.8.0+0
⌅ [e9f186c6] Libffi_jll v3.4.7+0
  [7e76a0d4] Libglvnd_jll v1.7.1+1
  [94ce4f54] Libiconv_jll v1.18.0+0
⌃ [4b2f31a3] Libmount_jll v2.41.0+0
⌃ [89763e89] Libtiff_jll v4.7.1+0
⌃ [38a345b3] Libuuid_jll v2.41.0+0
⌃ [d3a379c0] LittleCMS_jll v2.16.0+0
  [5ced341a] Lz4_jll v1.10.1+0
  [856f044c] MKL_jll v2025.2.0+0
⌃ [7cb0a576] MPICH_jll v4.3.1+0
  [f1f71cc9] MPItrampoline_jll v5.5.4+0
  [9237b28f] MicrosoftMPI_jll v10.1.4+3
  [7243133f] NetCDF_jll v401.900.300+0
  [e7412a2a] Ogg_jll v1.3.6+0
⌃ [643b3616] OpenJpeg_jll v2.5.4+0
⌃ [fe0851c0] OpenMPI_jll v5.0.8+0
⌃ [458c3c95] OpenSSL_jll v3.5.1+0
  [efe28fd5] OpenSpecFun_jll v0.5.6+0
⌃ [91d4177d] Opus_jll v1.5.2+0
⌃ [58948b4f] PROJ_jll v902.600.200+0
⌃ [36c8627f] Pango_jll v1.56.3+0
⌅ [30392449] Pixman_jll v0.44.2+0
  [784f63db] Qhull_jll v10008.0.1004+0
⌃ [c0090381] Qt6Base_jll v6.8.2+1
  [629bc702] Qt6Declarative_jll v6.8.2+1
  [ce943373] Qt6ShaderTools_jll v6.8.2+1
⌃ [e99dba38] Qt6Wayland_jll v6.8.2+1
  [f50d1b31] Rmath_jll v0.5.1+0
⌃ [76ed43ae] SQLite_jll v3.48.0+0
  [e0b8ae26] Thrift_jll v0.21.1+0
  [a44049a8] Vulkan_Loader_jll v1.3.243+0
  [a2964d1f] Wayland_jll v1.24.0+0
⌅ [02c8fc9c] XML2_jll v2.13.6+1
⌃ [ffd25f8a] XZ_jll v5.8.1+0
  [f67eecfb] Xorg_libICE_jll v1.1.2+0
  [c834827a] Xorg_libSM_jll v1.2.6+0
  [4f6342f7] Xorg_libX11_jll v1.8.12+0
  [0c0b7dd1] Xorg_libXau_jll v1.0.13+0
  [935fb764] Xorg_libXcursor_jll v1.2.4+0
  [a3789734] Xorg_libXdmcp_jll v1.1.6+0
  [1082639a] Xorg_libXext_jll v1.3.7+0
⌃ [d091e8ba] Xorg_libXfixes_jll v6.0.1+0
  [a51aa0fd] Xorg_libXi_jll v1.8.3+0
  [d1454406] Xorg_libXinerama_jll v1.1.6+0
  [ec84b674] Xorg_libXrandr_jll v1.5.5+0
  [ea2f1a96] Xorg_libXrender_jll v0.9.12+0
  [c7cfdc94] Xorg_libxcb_jll v1.17.1+0
  [cc61e674] Xorg_libxkbfile_jll v1.1.3+0
⌃ [e920d4aa] Xorg_xcb_util_cursor_jll v0.1.5+0
  [12413925] Xorg_xcb_util_image_jll v0.4.1+0
  [2def613f] Xorg_xcb_util_jll v0.4.1+0
  [975044d2] Xorg_xcb_util_keysyms_jll v0.4.1+0
  [0d47668e] Xorg_xcb_util_renderutil_jll v0.3.10+0
  [c22f9ab0] Xorg_xcb_util_wm_jll v0.4.2+0
  [35661453] Xorg_xkbcomp_jll v1.4.7+0
  [33bec58e] Xorg_xkeyboard_config_jll v2.44.0+0
  [c5fb5394] Xorg_xtrans_jll v1.6.0+0
  [8f1865be] ZeroMQ_jll v4.3.6+0
  [3161d3a3] Zstd_jll v1.5.7+1
  [28df3c45] boost_jll v1.87.0+0
⌃ [4611771a] brotli_jll v1.1.1+0
  [35ca27e7] eudev_jll v3.2.14+0
  [214eeab7] fzf_jll v0.61.1+0
⌃ [477f73a3] libaec_jll v1.1.3+0
⌃ [a4ae2306] libaom_jll v3.12.1+0
  [0ac62f75] libass_jll v0.17.4+0
  [1183f4f0] libdecor_jll v0.2.2+0
  [2db6ffa8] libevdev_jll v1.13.4+0
  [f638f0a6] libfdk_aac_jll v2.0.4+0
  [06c338fa] libgeotiff_jll v100.702.400+0
  [36db933b] libinput_jll v1.28.1+0
⌃ [b53b4c65] libpng_jll v1.6.50+0
  [a9144af2] libsodium_jll v1.0.21+0
  [f27f6e37] libvorbis_jll v1.3.8+0
  [c5f90fcd] libwebp_jll v1.6.0+0
  [337d8026] libzip_jll v1.11.3+0
  [009596ad] mtdev_jll v1.1.7+0
  [888e69b1] muparser_jll v2.3.5+0
⌃ [1317d2d5] oneTBB_jll v2022.0.0+0
  [fe1e1685] snappy_jll v1.2.3+0
⌅ [1270edf5] x264_jll v10164.0.1+0
  [dfaa095f] x265_jll v4.1.0+0
⌃ [d8fb68d0] xkbcommon_jll v1.9.2+0
  [0dad84c5] ArgTools v1.1.2
  [56f22d72] Artifacts v1.11.0
  [2a0f44e3] Base64 v1.11.0
  [ade2ca70] Dates v1.11.0
  [8ba89e20] Distributed v1.11.0
  [f43a241f] Downloads v1.6.0
  [7b1f6079] FileWatching v1.11.0
  [9fa8497b] Future v1.11.0
  [b77e0a4c] InteractiveUtils v1.11.0
  [4af54fe1] LazyArtifacts v1.11.0
  [b27032c2] LibCURL v0.6.4
  [76f85450] LibGit2 v1.11.0
  [8f399da3] Libdl v1.11.0
  [37e2e46d] LinearAlgebra v1.11.0
  [56ddb016] Logging v1.11.0
  [d6f4376e] Markdown v1.11.0
  [a63ad114] Mmap v1.11.0
  [ca575930] NetworkOptions v1.2.0
  [44cfe95a] Pkg v1.11.0
  [de0858da] Printf v1.11.0
  [3fa0cd96] REPL v1.11.0
  [9a3f8284] Random v1.11.0
  [ea8e919c] SHA v0.7.0
  [9e88b42a] Serialization v1.11.0
  [1a1011a3] SharedArrays v1.11.0
  [6462fe0b] Sockets v1.11.0
  [2f01184e] SparseArrays v1.11.0
  [f489334b] StyledStrings v1.11.0
  [4607b0f0] SuiteSparse
  [fa267f1f] TOML v1.0.3
  [a4e569a6] Tar v1.10.0
  [8dfed614] Test v1.11.0
  [cf7118a7] UUIDs v1.11.0
  [4ec0a83e] Unicode v1.11.0
  [e66e0078] CompilerSupportLibraries_jll v1.1.1+0
  [deac9b47] LibCURL_jll v8.6.0+0
  [e37daf67] LibGit2_jll v1.7.2+0
  [29816b5a] LibSSH2_jll v1.11.0+1
  [c8ffd9c3] MbedTLS_jll v2.28.6+0
  [14a3606d] MozillaCACerts_jll v2023.12.12
  [4536629a] OpenBLAS_jll v0.3.27+1
  [05823500] OpenLibm_jll v0.8.5+0
  [efcefdf7] PCRE2_jll v10.42.0+1
  [bea87d4a] SuiteSparse_jll v7.7.0+0
  [83775a58] Zlib_jll v1.2.13+1
  [8e850b90] libblastrampoline_jll v5.11.0+0
  [8e850ede] nghttp2_jll v1.59.0+0
  [3f19e933] p7zip_jll v17.4.0+2
        Info Packages marked with ⌃ and ⌅ have new versions available. Those with ⌃ may be upgradable, but those with ⌅ are restricted by compatibility constraints from upgrading.
     Testing Running tests...
ERROR: LoadError: Some tests did not pass: 169 passed, 7 failed, 0 errored, 0 broken.
in expression starting at /Users/halverso/Projects/STARSDataFusion.jl/test/runtests.jl:9
mat52_cor: Test Failed at /Users/halverso/Projects/STARSDataFusion.jl/test/test_covariance_functions.jl:108
  Expression: all(eigvals .> -1.0e-6)

Stacktrace:
 [1] macro expansion
   @ /Applications/Julia-1.11.app/Contents/Resources/julia/share/julia/stdlib/v1.11/Test/src/Test.jl:680 [inlined]
 [2] macro expansion
   @ ~/Projects/STARSDataFusion.jl/test/test_covariance_functions.jl:108 [inlined]
 [3] macro expansion
   @ /Applications/Julia-1.11.app/Contents/Resources/julia/share/julia/stdlib/v1.11/Test/src/Test.jl:1709 [inlined]
 [4] macro expansion
   @ ~/Projects/STARSDataFusion.jl/test/test_covariance_functions.jl:94 [inlined]
 [5] macro expansion
   @ /Applications/Julia-1.11.app/Contents/Resources/julia/share/julia/stdlib/v1.11/Test/src/Test.jl:1709 [inlined]
 [6] top-level scope
   @ ~/Projects/STARSDataFusion.jl/test/test_covariance_functions.jl:3
unif_weighted_obs_operator: Test Failed at /Users/halverso/Projects/STARSDataFusion.jl/test/test_obs_operators.jl:19
  Expression: all(isapprox.(row_sums, 1.0, atol = 1.0e-10) .| isapprox.(row_sums, 0.0, atol = 1.0e-10))

Stacktrace:
 [1] macro expansion
   @ /Applications/Julia-1.11.app/Contents/Resources/julia/share/julia/stdlib/v1.11/Test/src/Test.jl:680 [inlined]
 [2] macro expansion
   @ ~/Projects/STARSDataFusion.jl/test/test_obs_operators.jl:19 [inlined]
 [3] macro expansion
   @ /Applications/Julia-1.11.app/Contents/Resources/julia/share/julia/stdlib/v1.11/Test/src/Test.jl:1709 [inlined]
 [4] macro expansion
   @ ~/Projects/STARSDataFusion.jl/test/test_obs_operators.jl:4 [inlined]
 [5] macro expansion
   @ /Applications/Julia-1.11.app/Contents/Resources/julia/share/julia/stdlib/v1.11/Test/src/Test.jl:1709 [inlined]
 [6] top-level scope
   @ ~/Projects/STARSDataFusion.jl/test/test_obs_operators.jl:2
STARS_fusion smoke test: Test Failed at /Users/halverso/Projects/STARSDataFusion.jl/test/test_fusion_basic.jl:69
  Expression: all(isfinite.(fused_images))

Stacktrace:
 [1] macro expansion
   @ /Applications/Julia-1.11.app/Contents/Resources/julia/share/julia/stdlib/v1.11/Test/src/Test.jl:680 [inlined]
 [2] macro expansion
   @ ~/Projects/STARSDataFusion.jl/test/test_fusion_basic.jl:69 [inlined]
 [3] macro expansion
   @ /Applications/Julia-1.11.app/Contents/Resources/julia/share/julia/stdlib/v1.11/Test/src/Test.jl:1709 [inlined]
 [4] macro expansion
   @ ~/Projects/STARSDataFusion.jl/test/test_fusion_basic.jl:7 [inlined]
 [5] macro expansion
   @ /Applications/Julia-1.11.app/Contents/Resources/julia/share/julia/stdlib/v1.11/Test/src/Test.jl:1709 [inlined]
 [6] top-level scope
   @ ~/Projects/STARSDataFusion.jl/test/test_fusion_basic.jl:2
STARS_fusion smoke test: Test Failed at /Users/halverso/Projects/STARSDataFusion.jl/test/test_fusion_basic.jl:70
  Expression: all(isfinite.(fused_sd_images))

Stacktrace:
 [1] macro expansion
   @ /Applications/Julia-1.11.app/Contents/Resources/julia/share/julia/stdlib/v1.11/Test/src/Test.jl:680 [inlined]
 [2] macro expansion
   @ ~/Projects/STARSDataFusion.jl/test/test_fusion_basic.jl:70 [inlined]
 [3] macro expansion
   @ /Applications/Julia-1.11.app/Contents/Resources/julia/share/julia/stdlib/v1.11/Test/src/Test.jl:1709 [inlined]
 [4] macro expansion
   @ ~/Projects/STARSDataFusion.jl/test/test_fusion_basic.jl:7 [inlined]
 [5] macro expansion
   @ /Applications/Julia-1.11.app/Contents/Resources/julia/share/julia/stdlib/v1.11/Test/src/Test.jl:1709 [inlined]
 [6] top-level scope
   @ ~/Projects/STARSDataFusion.jl/test/test_fusion_basic.jl:2
STARS_fusion smoke test: Test Failed at /Users/halverso/Projects/STARSDataFusion.jl/test/test_fusion_basic.jl:73
  Expression: all(fused_sd_images .> 0)

Stacktrace:
 [1] macro expansion
   @ /Applications/Julia-1.11.app/Contents/Resources/julia/share/julia/stdlib/v1.11/Test/src/Test.jl:680 [inlined]
 [2] macro expansion
   @ ~/Projects/STARSDataFusion.jl/test/test_fusion_basic.jl:73 [inlined]
 [3] macro expansion
   @ /Applications/Julia-1.11.app/Contents/Resources/julia/share/julia/stdlib/v1.11/Test/src/Test.jl:1709 [inlined]
 [4] macro expansion
   @ ~/Projects/STARSDataFusion.jl/test/test_fusion_basic.jl:7 [inlined]
 [5] macro expansion
   @ /Applications/Julia-1.11.app/Contents/Resources/julia/share/julia/stdlib/v1.11/Test/src/Test.jl:1709 [inlined]
 [6] top-level scope
   @ ~/Projects/STARSDataFusion.jl/test/test_fusion_basic.jl:2
STARS_fusion smoke test: Test Failed at /Users/halverso/Projects/STARSDataFusion.jl/test/test_fusion_basic.jl:76
  Expression: all(fused_images .>= 0)

Stacktrace:
 [1] macro expansion
   @ /Applications/Julia-1.11.app/Contents/Resources/julia/share/julia/stdlib/v1.11/Test/src/Test.jl:680 [inlined]
 [2] macro expansion
   @ ~/Projects/STARSDataFusion.jl/test/test_fusion_basic.jl:76 [inlined]
 [3] macro expansion
   @ /Applications/Julia-1.11.app/Contents/Resources/julia/share/julia/stdlib/v1.11/Test/src/Test.jl:1709 [inlined]
 [4] macro expansion
   @ ~/Projects/STARSDataFusion.jl/test/test_fusion_basic.jl:7 [inlined]
 [5] macro expansion
   @ /Applications/Julia-1.11.app/Contents/Resources/julia/share/julia/stdlib/v1.11/Test/src/Test.jl:1709 [inlined]
 [6] top-level scope
   @ ~/Projects/STARSDataFusion.jl/test/test_fusion_basic.jl:2
STARS_fusion smoke test: Test Failed at /Users/halverso/Projects/STARSDataFusion.jl/test/test_fusion_basic.jl:77
  Expression: all(fused_images .<= 2)

Stacktrace:
 [1] macro expansion
   @ /Applications/Julia-1.11.app/Contents/Resources/julia/share/julia/stdlib/v1.11/Test/src/Test.jl:680 [inlined]
 [2] macro expansion
   @ ~/Projects/STARSDataFusion.jl/test/test_fusion_basic.jl:77 [inlined]
 [3] macro expansion
   @ /Applications/Julia-1.11.app/Contents/Resources/julia/share/julia/stdlib/v1.11/Test/src/Test.jl:1709 [inlined]
 [4] macro expansion
   @ ~/Projects/STARSDataFusion.jl/test/test_fusion_basic.jl:7 [inlined]
 [5] macro expansion
   @ /Applications/Julia-1.11.app/Contents/Resources/julia/share/julia/stdlib/v1.11/Test/src/Test.jl:1709 [inlined]
 [6] top-level scope
   @ ~/Projects/STARSDataFusion.jl/test/test_fusion_basic.jl:2
Test Summary:                           | Pass  Fail  Total   Time
STARSDataFusion.jl                      |  169     7    176  28.5s
  Utility Functions                     |   21           21   1.6s
  Data Structures                       |   23           23   0.2s
  BBox Tests                            |   26           26   0.1s
  Point Tests                           |    6            6   0.0s
  Covariance Functions                  |   26     1     27   7.8s
    kernel_matrix                       |    5            5   2.5s
    matern_cor                          |    6            6   0.9s
    exp_cor                             |    4            4   0.4s
    mat32_cor                           |    4            4   0.4s
    mat52_cor                           |    3     1      4   3.0s
    state_cov                           |    4            4   0.5s
  Observation Operators                 |   11     1     12   2.8s
    unif_weighted_obs_operator          |    4     1      5   1.5s
    unif_weighted_obs_operator_centroid |    7            7   1.2s
  Spatial Utilities                     |   37           37   1.3s
  Basic Fusion Tests                    |   19     5     24   3.9s
    STARS_fusion smoke test             |    4     5      9   2.4s
    compute_n_eff                       |    4            4   0.2s
    fast_var_est                        |    5            5   1.3s
    Kalman filter basic operations      |    6            6   0.0s
ERROR: Package STARSDataFusion errored during testing
Stacktrace:
 [1] pkgerror(msg::String)
   @ Pkg.Types /Applications/Julia-1.11.app/Contents/Resources/julia/share/julia/stdlib/v1.11/Pkg/src/Types.jl:68
 [2] test(ctx::Pkg.Types.Context, pkgs::Vector{Pkg.Types.PackageSpec}; coverage::Bool, julia_args::Cmd, test_args::Cmd, test_fn::Nothing, force_latest_compatible_version::Bool, allow_earlier_backwards_compatible_versions::Bool, allow_reresolve::Bool)
   @ Pkg.Operations /Applications/Julia-1.11.app/Contents/Resources/julia/share/julia/stdlib/v1.11/Pkg/src/Operations.jl:2128
 [3] test
   @ /Applications/Julia-1.11.app/Contents/Resources/julia/share/julia/stdlib/v1.11/Pkg/src/Operations.jl:2011 [inlined]
 [4] test(ctx::Pkg.Types.Context, pkgs::Vector{Pkg.Types.PackageSpec}; coverage::Bool, test_fn::Nothing, julia_args::Cmd, test_args::Cmd, force_latest_compatible_version::Bool, allow_earlier_backwards_compatible_versions::Bool, allow_reresolve::Bool, kwargs::@Kwargs{io::IOContext{IO}})
   @ Pkg.API /Applications/Julia-1.11.app/Contents/Resources/julia/share/julia/stdlib/v1.11/Pkg/src/API.jl:481
 [5] test(pkgs::Vector{Pkg.Types.PackageSpec}; io::IOContext{IO}, kwargs::@Kwargs{})
   @ Pkg.API /Applications/Julia-1.11.app/Contents/Resources/julia/share/julia/stdlib/v1.11/Pkg/src/API.jl:159
 [6] test(pkgs::Vector{Pkg.Types.PackageSpec})
   @ Pkg.API /Applications/Julia-1.11.app/Contents/Resources/julia/share/julia/stdlib/v1.11/Pkg/src/API.jl:148
 [7] test(; name::Nothing, uuid::Nothing, version::Nothing, url::Nothing, rev::Nothing, path::Nothing, mode::Pkg.Types.PackageMode, subdir::Nothing, kwargs::@Kwargs{})
   @ Pkg.API /Applications/Julia-1.11.app/Contents/Resources/julia/share/julia/stdlib/v1.11/Pkg/src/API.jl:174
 [8] test()
   @ Pkg.API /Applications/Julia-1.11.app/Contents/Resources/julia/share/julia/stdlib/v1.11/Pkg/src/API.jl:165
 [9] top-level scope
   @ none:1
